Test 1 - Valid session: PASSED
  Status: success
  Emotion: neutral
  Face detected: True

Test 2 - Invalid session: PASSED
  Error: INVALID_SESSION_ID
